[0.272s] DEBUG:colcon:Command line arguments: ['/usr/bin/colcon', 'build', '--symlink-install']
[0.272s] DEBUG:colcon:Parsed command line arguments: Namespace(log_base=None, log_level=None, verb_name='build', build_base='build', install_base='install', merge_install=False, symlink_install=True, test_result_base=None, continue_on_error=False, executor='parallel', parallel_workers=16, event_handlers=None, ignore_user_meta=False, metas=['./colcon.meta'], base_paths=['.'], packages_ignore=None, packages_ignore_regex=None, paths=None, packages_up_to=None, packages_up_to_regex=None, packages_above=None, packages_above_and_dependencies=None, packages_above_depth=None, packages_select_by_dep=None, packages_skip_by_dep=None, packages_skip_up_to=None, packages_select_build_failed=False, packages_skip_build_finished=False, packages_select_test_failures=False, packages_skip_test_passed=False, packages_select=None, packages_skip=None, packages_select_regex=None, packages_skip_regex=None, packages_start=None, packages_end=None, allow_overriding=[], cmake_args=None, cmake_target=None, cmake_target_skip_unavailable=False, cmake_clean_cache=False, cmake_clean_first=False, cmake_force_configure=False, ament_cmake_args=None, catkin_cmake_args=None, catkin_skip_building_tests=False, mixin_files=None, mixin=None, verb_parser=<colcon_mixin.mixin.mixin_argument.MixinArgumentDecorator object at 0x77dbf1eb6170>, verb_extension=<colcon_core.verb.build.BuildVerb object at 0x77dbf1eb5ba0>, main=<bound method BuildVerb.main of <colcon_core.verb.build.BuildVerb object at 0x77dbf1eb5ba0>>, mixin_verb=('build',))
[0.961s] Level 1:colcon.colcon_core.package_discovery:discover_packages(colcon_meta) check parameters
[0.961s] Level 1:colcon.colcon_core.package_discovery:discover_packages(recursive) check parameters
[0.962s] Level 1:colcon.colcon_core.package_discovery:discover_packages(ignore) check parameters
[0.962s] Level 1:colcon.colcon_core.package_discovery:discover_packages(path) check parameters
[0.962s] Level 1:colcon.colcon_core.package_discovery:discover_packages(colcon_meta) discover
[0.962s] Level 1:colcon.colcon_core.package_discovery:discover_packages(recursive) discover
[0.962s] INFO:colcon.colcon_core.package_discovery:Crawling recursively for packages in '/home/rohan/cobotx'
[0.962s] Level 1:colcon.colcon_core.package_identification:_identify(.) by extensions ['ignore', 'ignore_ament_install']
[0.962s] Level 1:colcon.colcon_core.package_identification:_identify(.) by extension 'ignore'
[0.963s] Level 1:colcon.colcon_core.package_identification:_identify(.) by extension 'ignore_ament_install'
[0.963s] Level 1:colcon.colcon_core.package_identification:_identify(.) by extensions ['colcon_pkg']
[0.963s] Level 1:colcon.colcon_core.package_identification:_identify(.) by extension 'colcon_pkg'
[0.963s] Level 1:colcon.colcon_core.package_identification:_identify(.) by extensions ['colcon_meta']
[0.963s] Level 1:colcon.colcon_core.package_identification:_identify(.) by extension 'colcon_meta'
[0.963s] Level 1:colcon.colcon_core.package_identification:_identify(.) by extensions ['ros']
[0.963s] Level 1:colcon.colcon_core.package_identification:_identify(.) by extension 'ros'
[0.999s] Level 1:colcon.colcon_core.package_identification:_identify(.) by extensions ['cmake', 'python']
[1.000s] Level 1:colcon.colcon_core.package_identification:_identify(.) by extension 'cmake'
[1.000s] Level 1:colcon.colcon_core.package_identification:_identify(.) by extension 'python'
[1.000s] Level 1:colcon.colcon_core.package_identification:_identify(.) by extensions ['python_setup_py']
[1.000s] Level 1:colcon.colcon_core.package_identification:_identify(.) by extension 'python_setup_py'
[1.001s] Level 1:colcon.colcon_core.package_identification:_identify(build) by extensions ['ignore', 'ignore_ament_install']
[1.001s] Level 1:colcon.colcon_core.package_identification:_identify(build) by extension 'ignore'
[1.001s] Level 1:colcon.colcon_core.package_identification:_identify(build) ignored
[1.002s] Level 1:colcon.colcon_core.package_identification:_identify(install) by extensions ['ignore', 'ignore_ament_install']
[1.002s] Level 1:colcon.colcon_core.package_identification:_identify(install) by extension 'ignore'
[1.002s] Level 1:colcon.colcon_core.package_identification:_identify(install) ignored
[1.002s] Level 1:colcon.colcon_core.package_identification:_identify(log) by extensions ['ignore', 'ignore_ament_install']
[1.002s] Level 1:colcon.colcon_core.package_identification:_identify(log) by extension 'ignore'
[1.002s] Level 1:colcon.colcon_core.package_identification:_identify(log) ignored
[1.002s] Level 1:colcon.colcon_core.package_identification:_identify(map) by extensions ['ignore', 'ignore_ament_install']
[1.002s] Level 1:colcon.colcon_core.package_identification:_identify(map) by extension 'ignore'
[1.002s] Level 1:colcon.colcon_core.package_identification:_identify(map) by extension 'ignore_ament_install'
[1.002s] Level 1:colcon.colcon_core.package_identification:_identify(map) by extensions ['colcon_pkg']
[1.003s] Level 1:colcon.colcon_core.package_identification:_identify(map) by extension 'colcon_pkg'
[1.003s] Level 1:colcon.colcon_core.package_identification:_identify(map) by extensions ['colcon_meta']
[1.003s] Level 1:colcon.colcon_core.package_identification:_identify(map) by extension 'colcon_meta'
[1.003s] Level 1:colcon.colcon_core.package_identification:_identify(map) by extensions ['ros']
[1.003s] Level 1:colcon.colcon_core.package_identification:_identify(map) by extension 'ros'
[1.003s] Level 1:colcon.colcon_core.package_identification:_identify(map) by extensions ['cmake', 'python']
[1.003s] Level 1:colcon.colcon_core.package_identification:_identify(map) by extension 'cmake'
[1.003s] Level 1:colcon.colcon_core.package_identification:_identify(map) by extension 'python'
[1.003s] Level 1:colcon.colcon_core.package_identification:_identify(map) by extensions ['python_setup_py']
[1.003s] Level 1:colcon.colcon_core.package_identification:_identify(map) by extension 'python_setup_py'
[1.003s] Level 1:colcon.colcon_core.package_identification:_identify(src) by extensions ['ignore', 'ignore_ament_install']
[1.003s] Level 1:colcon.colcon_core.package_identification:_identify(src) by extension 'ignore'
[1.003s] Level 1:colcon.colcon_core.package_identification:_identify(src) by extension 'ignore_ament_install'
[1.004s] Level 1:colcon.colcon_core.package_identification:_identify(src) by extensions ['colcon_pkg']
[1.004s] Level 1:colcon.colcon_core.package_identification:_identify(src) by extension 'colcon_pkg'
[1.004s] Level 1:colcon.colcon_core.package_identification:_identify(src) by extensions ['colcon_meta']
[1.004s] Level 1:colcon.colcon_core.package_identification:_identify(src) by extension 'colcon_meta'
[1.004s] Level 1:colcon.colcon_core.package_identification:_identify(src) by extensions ['ros']
[1.004s] Level 1:colcon.colcon_core.package_identification:_identify(src) by extension 'ros'
[1.004s] Level 1:colcon.colcon_core.package_identification:_identify(src) by extensions ['cmake', 'python']
[1.004s] Level 1:colcon.colcon_core.package_identification:_identify(src) by extension 'cmake'
[1.004s] Level 1:colcon.colcon_core.package_identification:_identify(src) by extension 'python'
[1.004s] Level 1:colcon.colcon_core.package_identification:_identify(src) by extensions ['python_setup_py']
[1.004s] Level 1:colcon.colcon_core.package_identification:_identify(src) by extension 'python_setup_py'
[1.004s] Level 1:colcon.colcon_core.package_identification:_identify(src/nav_bot) by extensions ['ignore', 'ignore_ament_install']
[1.004s] Level 1:colcon.colcon_core.package_identification:_identify(src/nav_bot) by extension 'ignore'
[1.005s] Level 1:colcon.colcon_core.package_identification:_identify(src/nav_bot) by extension 'ignore_ament_install'
[1.005s] Level 1:colcon.colcon_core.package_identification:_identify(src/nav_bot) by extensions ['colcon_pkg']
[1.005s] Level 1:colcon.colcon_core.package_identification:_identify(src/nav_bot) by extension 'colcon_pkg'
[1.005s] Level 1:colcon.colcon_core.package_identification:_identify(src/nav_bot) by extensions ['colcon_meta']
[1.005s] Level 1:colcon.colcon_core.package_identification:_identify(src/nav_bot) by extension 'colcon_meta'
[1.005s] Level 1:colcon.colcon_core.package_identification:_identify(src/nav_bot) by extensions ['ros']
[1.005s] Level 1:colcon.colcon_core.package_identification:_identify(src/nav_bot) by extension 'ros'
[1.012s] DEBUG:colcon.colcon_core.package_identification:Package 'src/nav_bot' with type 'ros.ament_cmake' and name 'nav_bot'
[1.012s] Level 1:colcon.colcon_core.package_discovery:discover_packages(recursive) using defaults
[1.012s] Level 1:colcon.colcon_core.package_discovery:discover_packages(ignore) discover
[1.012s] Level 1:colcon.colcon_core.package_discovery:discover_packages(ignore) using defaults
[1.012s] Level 1:colcon.colcon_core.package_discovery:discover_packages(path) discover
[1.012s] Level 1:colcon.colcon_core.package_discovery:discover_packages(path) using defaults
[1.081s] Level 1:colcon.colcon_core.package_discovery:discover_packages(prefix_path) check parameters
[1.082s] Level 1:colcon.colcon_core.package_discovery:discover_packages(prefix_path) discover
[1.098s] DEBUG:colcon.colcon_installed_package_information.package_discovery:Found 7 installed packages in /home/rohan/px4/ros2_ws/install
[1.100s] DEBUG:colcon.colcon_installed_package_information.package_discovery:Found 1 installed packages in /home/rohan/px4/px4_ros_uxrce_dds_ws/install
[1.104s] DEBUG:colcon.colcon_installed_package_information.package_discovery:Found 492 installed packages in /opt/ros/humble
[1.108s] Level 1:colcon.colcon_core.package_discovery:discover_packages(prefix_path) using defaults
[1.209s] Level 5:colcon.colcon_core.verb:set package 'nav_bot' build argument 'cmake_args' from command line to 'None'
[1.209s] Level 5:colcon.colcon_core.verb:set package 'nav_bot' build argument 'cmake_target' from command line to 'None'
[1.209s] Level 5:colcon.colcon_core.verb:set package 'nav_bot' build argument 'cmake_target_skip_unavailable' from command line to 'False'
[1.209s] Level 5:colcon.colcon_core.verb:set package 'nav_bot' build argument 'cmake_clean_cache' from command line to 'False'
[1.209s] Level 5:colcon.colcon_core.verb:set package 'nav_bot' build argument 'cmake_clean_first' from command line to 'False'
[1.209s] Level 5:colcon.colcon_core.verb:set package 'nav_bot' build argument 'cmake_force_configure' from command line to 'False'
[1.209s] Level 5:colcon.colcon_core.verb:set package 'nav_bot' build argument 'ament_cmake_args' from command line to 'None'
[1.209s] Level 5:colcon.colcon_core.verb:set package 'nav_bot' build argument 'catkin_cmake_args' from command line to 'None'
[1.209s] Level 5:colcon.colcon_core.verb:set package 'nav_bot' build argument 'catkin_skip_building_tests' from command line to 'False'
[1.209s] DEBUG:colcon.colcon_core.verb:Building package 'nav_bot' with the following arguments: {'ament_cmake_args': None, 'build_base': '/home/rohan/cobotx/build/nav_bot', 'catkin_cmake_args': None, 'catkin_skip_building_tests': False, 'cmake_args': None, 'cmake_clean_cache': False, 'cmake_clean_first': False, 'cmake_force_configure': False, 'cmake_target': None, 'cmake_target_skip_unavailable': False, 'install_base': '/home/rohan/cobotx/install/nav_bot', 'merge_install': False, 'path': '/home/rohan/cobotx/src/nav_bot', 'symlink_install': True, 'test_result_base': None}
[1.210s] INFO:colcon.colcon_core.executor:Executing jobs using 'parallel' executor
[1.211s] DEBUG:colcon.colcon_parallel_executor.executor.parallel:run_until_complete
[1.212s] INFO:colcon.colcon_ros.task.ament_cmake.build:Building ROS package in '/home/rohan/cobotx/src/nav_bot' with build type 'ament_cmake'
[1.212s] INFO:colcon.colcon_cmake.task.cmake.build:Building CMake package in '/home/rohan/cobotx/src/nav_bot'
[1.219s] INFO:colcon.colcon_core.plugin_system:Skipping extension 'colcon_core.shell.bat': Not used on non-Windows systems
[1.219s] INFO:colcon.colcon_core.shell:Skip shell extension 'powershell' for command environment: Not usable outside of PowerShell
[1.219s] DEBUG:colcon.colcon_core.shell:Skip shell extension 'dsv' for command environment
[1.237s] DEBUG:colcon.colcon_core.event_handler.log_command:Invoking command in '/home/rohan/cobotx/build/nav_bot': CMAKE_PREFIX_PATH=${CMAKE_PREFIX_PATH}:/home/rohan/px4/ros2_ws/install/px4_offboard:/home/rohan/px4/ros2_ws/install/com_bridge:/opt/ros/humble /usr/bin/cmake --build /home/rohan/cobotx/build/nav_bot -- -j16 -l16
[2.018s] DEBUG:colcon.colcon_core.event_handler.log_command:Invoked command in '/home/rohan/cobotx/build/nav_bot' returned '0': CMAKE_PREFIX_PATH=${CMAKE_PREFIX_PATH}:/home/rohan/px4/ros2_ws/install/px4_offboard:/home/rohan/px4/ros2_ws/install/com_bridge:/opt/ros/humble /usr/bin/cmake --build /home/rohan/cobotx/build/nav_bot -- -j16 -l16
[2.040s] DEBUG:colcon.colcon_core.event_handler.log_command:Invoking command in '/home/rohan/cobotx/build/nav_bot': CMAKE_PREFIX_PATH=${CMAKE_PREFIX_PATH}:/home/rohan/px4/ros2_ws/install/px4_offboard:/home/rohan/px4/ros2_ws/install/com_bridge:/opt/ros/humble /usr/bin/cmake --install /home/rohan/cobotx/build/nav_bot
[2.344s] Level 1:colcon.colcon_core.environment:create_environment_scripts_only(nav_bot)
[2.345s] DEBUG:colcon.colcon_core.event_handler.log_command:Invoked command in '/home/rohan/cobotx/build/nav_bot' returned '0': CMAKE_PREFIX_PATH=${CMAKE_PREFIX_PATH}:/home/rohan/px4/ros2_ws/install/px4_offboard:/home/rohan/px4/ros2_ws/install/com_bridge:/opt/ros/humble /usr/bin/cmake --install /home/rohan/cobotx/build/nav_bot
[2.352s] Level 1:colcon.colcon_core.environment:checking '/home/rohan/cobotx/install/nav_bot' for CMake module files
[2.352s] Level 1:colcon.colcon_core.environment:checking '/home/rohan/cobotx/install/nav_bot' for CMake config files
[2.363s] Level 1:colcon.colcon_core.shell:create_environment_hook('nav_bot', 'cmake_prefix_path')
[2.364s] INFO:colcon.colcon_core.shell:Creating environment hook '/home/rohan/cobotx/install/nav_bot/share/nav_bot/hook/cmake_prefix_path.ps1'
[2.366s] INFO:colcon.colcon_core.shell:Creating environment descriptor '/home/rohan/cobotx/install/nav_bot/share/nav_bot/hook/cmake_prefix_path.dsv'
[2.367s] INFO:colcon.colcon_core.shell:Creating environment hook '/home/rohan/cobotx/install/nav_bot/share/nav_bot/hook/cmake_prefix_path.sh'
[2.368s] Level 1:colcon.colcon_core.environment:checking '/home/rohan/cobotx/install/nav_bot/lib'
[2.368s] Level 1:colcon.colcon_core.environment:checking '/home/rohan/cobotx/install/nav_bot/bin'
[2.369s] Level 1:colcon.colcon_core.environment:checking '/home/rohan/cobotx/install/nav_bot/lib/pkgconfig/nav_bot.pc'
[2.369s] Level 1:colcon.colcon_core.environment:checking '/home/rohan/cobotx/install/nav_bot/lib/python3.10/site-packages'
[2.369s] Level 1:colcon.colcon_core.environment:checking '/home/rohan/cobotx/install/nav_bot/bin'
[2.370s] INFO:colcon.colcon_core.shell:Creating package script '/home/rohan/cobotx/install/nav_bot/share/nav_bot/package.ps1'
[2.372s] INFO:colcon.colcon_core.shell:Creating package descriptor '/home/rohan/cobotx/install/nav_bot/share/nav_bot/package.dsv'
[2.373s] INFO:colcon.colcon_core.shell:Creating package script '/home/rohan/cobotx/install/nav_bot/share/nav_bot/package.sh'
[2.375s] INFO:colcon.colcon_core.shell:Creating package script '/home/rohan/cobotx/install/nav_bot/share/nav_bot/package.bash'
[2.376s] INFO:colcon.colcon_core.shell:Creating package script '/home/rohan/cobotx/install/nav_bot/share/nav_bot/package.zsh'
[2.377s] Level 1:colcon.colcon_core.environment:create_file_with_runtime_dependencies(/home/rohan/cobotx/install/nav_bot/share/colcon-core/packages/nav_bot)
[2.378s] Level 1:colcon.colcon_core.environment:create_environment_scripts_only(nav_bot)
[2.378s] Level 1:colcon.colcon_core.environment:checking '/home/rohan/cobotx/install/nav_bot' for CMake module files
[2.379s] Level 1:colcon.colcon_core.environment:checking '/home/rohan/cobotx/install/nav_bot' for CMake config files
[2.390s] Level 1:colcon.colcon_core.shell:create_environment_hook('nav_bot', 'cmake_prefix_path')
[2.391s] INFO:colcon.colcon_core.shell:Creating environment hook '/home/rohan/cobotx/install/nav_bot/share/nav_bot/hook/cmake_prefix_path.ps1'
[2.392s] INFO:colcon.colcon_core.shell:Creating environment descriptor '/home/rohan/cobotx/install/nav_bot/share/nav_bot/hook/cmake_prefix_path.dsv'
[2.393s] INFO:colcon.colcon_core.shell:Creating environment hook '/home/rohan/cobotx/install/nav_bot/share/nav_bot/hook/cmake_prefix_path.sh'
[2.393s] Level 1:colcon.colcon_core.environment:checking '/home/rohan/cobotx/install/nav_bot/lib'
[2.393s] Level 1:colcon.colcon_core.environment:checking '/home/rohan/cobotx/install/nav_bot/bin'
[2.394s] Level 1:colcon.colcon_core.environment:checking '/home/rohan/cobotx/install/nav_bot/lib/pkgconfig/nav_bot.pc'
[2.394s] Level 1:colcon.colcon_core.environment:checking '/home/rohan/cobotx/install/nav_bot/lib/python3.10/site-packages'
[2.394s] Level 1:colcon.colcon_core.environment:checking '/home/rohan/cobotx/install/nav_bot/bin'
[2.395s] INFO:colcon.colcon_core.shell:Creating package script '/home/rohan/cobotx/install/nav_bot/share/nav_bot/package.ps1'
[2.396s] INFO:colcon.colcon_core.shell:Creating package descriptor '/home/rohan/cobotx/install/nav_bot/share/nav_bot/package.dsv'
[2.397s] INFO:colcon.colcon_core.shell:Creating package script '/home/rohan/cobotx/install/nav_bot/share/nav_bot/package.sh'
[2.397s] INFO:colcon.colcon_core.shell:Creating package script '/home/rohan/cobotx/install/nav_bot/share/nav_bot/package.bash'
[2.398s] INFO:colcon.colcon_core.shell:Creating package script '/home/rohan/cobotx/install/nav_bot/share/nav_bot/package.zsh'
[2.398s] Level 1:colcon.colcon_core.environment:create_file_with_runtime_dependencies(/home/rohan/cobotx/install/nav_bot/share/colcon-core/packages/nav_bot)
[2.399s] DEBUG:colcon.colcon_parallel_executor.executor.parallel:closing loop
[2.399s] DEBUG:colcon.colcon_parallel_executor.executor.parallel:loop closed
[2.400s] DEBUG:colcon.colcon_parallel_executor.executor.parallel:run_until_complete finished with '0'
[2.400s] DEBUG:colcon.colcon_core.event_reactor:joining thread
[2.411s] INFO:colcon.colcon_core.plugin_system:Skipping extension 'colcon_notification.desktop_notification.terminal_notifier': Not used on non-Darwin systems
[2.411s] INFO:colcon.colcon_core.plugin_system:Skipping extension 'colcon_notification.desktop_notification.win32': Not used on non-Windows systems
[2.411s] INFO:colcon.colcon_notification.desktop_notification:Sending desktop notification using 'notify2'
[2.501s] DEBUG:colcon.colcon_core.event_reactor:joined thread
[2.502s] INFO:colcon.colcon_core.shell:Creating prefix script '/home/rohan/cobotx/install/local_setup.ps1'
[2.503s] INFO:colcon.colcon_core.shell:Creating prefix util module '/home/rohan/cobotx/install/_local_setup_util_ps1.py'
[2.505s] INFO:colcon.colcon_core.shell:Creating prefix chain script '/home/rohan/cobotx/install/setup.ps1'
[2.507s] INFO:colcon.colcon_core.shell:Creating prefix script '/home/rohan/cobotx/install/local_setup.sh'
[2.509s] INFO:colcon.colcon_core.shell:Creating prefix util module '/home/rohan/cobotx/install/_local_setup_util_sh.py'
[2.510s] INFO:colcon.colcon_core.shell:Creating prefix chain script '/home/rohan/cobotx/install/setup.sh'
[2.513s] INFO:colcon.colcon_core.shell:Creating prefix script '/home/rohan/cobotx/install/local_setup.bash'
[2.514s] INFO:colcon.colcon_core.shell:Creating prefix chain script '/home/rohan/cobotx/install/setup.bash'
[2.516s] INFO:colcon.colcon_core.shell:Creating prefix script '/home/rohan/cobotx/install/local_setup.zsh'
[2.517s] INFO:colcon.colcon_core.shell:Creating prefix chain script '/home/rohan/cobotx/install/setup.zsh'
