[0.830s] DEBUG:colcon:Command line arguments: ['/usr/bin/colcon', 'build', '--symlink-install']
[0.831s] DEBUG:colcon:Parsed command line arguments: Namespace(log_base=None, log_level=None, verb_name='build', build_base='build', install_base='install', merge_install=False, symlink_install=True, test_result_base=None, continue_on_error=False, executor='parallel', parallel_workers=16, event_handlers=None, ignore_user_meta=False, metas=['./colcon.meta'], base_paths=['.'], packages_ignore=None, packages_ignore_regex=None, paths=None, packages_up_to=None, packages_up_to_regex=None, packages_above=None, packages_above_and_dependencies=None, packages_above_depth=None, packages_select_by_dep=None, packages_skip_by_dep=None, packages_skip_up_to=None, packages_select_build_failed=False, packages_skip_build_finished=False, packages_select_test_failures=False, packages_skip_test_passed=False, packages_select=None, packages_skip=None, packages_select_regex=None, packages_skip_regex=None, packages_start=None, packages_end=None, allow_overriding=[], cmake_args=None, cmake_target=None, cmake_target_skip_unavailable=False, cmake_clean_cache=False, cmake_clean_first=False, cmake_force_configure=False, ament_cmake_args=None, catkin_cmake_args=None, catkin_skip_building_tests=False, mixin_files=None, mixin=None, verb_parser=<colcon_mixin.mixin.mixin_argument.MixinArgumentDecorator object at 0x71b0952dca60>, verb_extension=<colcon_core.verb.build.BuildVerb object at 0x71b0952dc490>, main=<bound method BuildVerb.main of <colcon_core.verb.build.BuildVerb object at 0x71b0952dc490>>, mixin_verb=('build',))
[1.674s] Level 1:colcon.colcon_core.package_discovery:discover_packages(colcon_meta) check parameters
[1.674s] Level 1:colcon.colcon_core.package_discovery:discover_packages(recursive) check parameters
[1.674s] Level 1:colcon.colcon_core.package_discovery:discover_packages(ignore) check parameters
[1.674s] Level 1:colcon.colcon_core.package_discovery:discover_packages(path) check parameters
[1.674s] Level 1:colcon.colcon_core.package_discovery:discover_packages(colcon_meta) discover
[1.675s] Level 1:colcon.colcon_core.package_discovery:discover_packages(recursive) discover
[1.675s] INFO:colcon.colcon_core.package_discovery:Crawling recursively for packages in '/home/rohan/cobotx'
[1.675s] Level 1:colcon.colcon_core.package_identification:_identify(.) by extensions ['ignore', 'ignore_ament_install']
[1.675s] Level 1:colcon.colcon_core.package_identification:_identify(.) by extension 'ignore'
[1.675s] Level 1:colcon.colcon_core.package_identification:_identify(.) by extension 'ignore_ament_install'
[1.675s] Level 1:colcon.colcon_core.package_identification:_identify(.) by extensions ['colcon_pkg']
[1.675s] Level 1:colcon.colcon_core.package_identification:_identify(.) by extension 'colcon_pkg'
[1.675s] Level 1:colcon.colcon_core.package_identification:_identify(.) by extensions ['colcon_meta']
[1.675s] Level 1:colcon.colcon_core.package_identification:_identify(.) by extension 'colcon_meta'
[1.676s] Level 1:colcon.colcon_core.package_identification:_identify(.) by extensions ['ros']
[1.676s] Level 1:colcon.colcon_core.package_identification:_identify(.) by extension 'ros'
[1.707s] Level 1:colcon.colcon_core.package_identification:_identify(.) by extensions ['cmake', 'python']
[1.708s] Level 1:colcon.colcon_core.package_identification:_identify(.) by extension 'cmake'
[1.708s] Level 1:colcon.colcon_core.package_identification:_identify(.) by extension 'python'
[1.708s] Level 1:colcon.colcon_core.package_identification:_identify(.) by extensions ['python_setup_py']
[1.708s] Level 1:colcon.colcon_core.package_identification:_identify(.) by extension 'python_setup_py'
[1.708s] Level 1:colcon.colcon_core.package_identification:_identify(build) by extensions ['ignore', 'ignore_ament_install']
[1.709s] Level 1:colcon.colcon_core.package_identification:_identify(build) by extension 'ignore'
[1.709s] Level 1:colcon.colcon_core.package_identification:_identify(build) ignored
[1.709s] Level 1:colcon.colcon_core.package_identification:_identify(install) by extensions ['ignore', 'ignore_ament_install']
[1.709s] Level 1:colcon.colcon_core.package_identification:_identify(install) by extension 'ignore'
[1.709s] Level 1:colcon.colcon_core.package_identification:_identify(install) ignored
[1.709s] Level 1:colcon.colcon_core.package_identification:_identify(log) by extensions ['ignore', 'ignore_ament_install']
[1.709s] Level 1:colcon.colcon_core.package_identification:_identify(log) by extension 'ignore'
[1.709s] Level 1:colcon.colcon_core.package_identification:_identify(log) ignored
[1.709s] Level 1:colcon.colcon_core.package_identification:_identify(map) by extensions ['ignore', 'ignore_ament_install']
[1.710s] Level 1:colcon.colcon_core.package_identification:_identify(map) by extension 'ignore'
[1.710s] Level 1:colcon.colcon_core.package_identification:_identify(map) by extension 'ignore_ament_install'
[1.710s] Level 1:colcon.colcon_core.package_identification:_identify(map) by extensions ['colcon_pkg']
[1.710s] Level 1:colcon.colcon_core.package_identification:_identify(map) by extension 'colcon_pkg'
[1.710s] Level 1:colcon.colcon_core.package_identification:_identify(map) by extensions ['colcon_meta']
[1.710s] Level 1:colcon.colcon_core.package_identification:_identify(map) by extension 'colcon_meta'
[1.710s] Level 1:colcon.colcon_core.package_identification:_identify(map) by extensions ['ros']
[1.710s] Level 1:colcon.colcon_core.package_identification:_identify(map) by extension 'ros'
[1.710s] Level 1:colcon.colcon_core.package_identification:_identify(map) by extensions ['cmake', 'python']
[1.710s] Level 1:colcon.colcon_core.package_identification:_identify(map) by extension 'cmake'
[1.710s] Level 1:colcon.colcon_core.package_identification:_identify(map) by extension 'python'
[1.710s] Level 1:colcon.colcon_core.package_identification:_identify(map) by extensions ['python_setup_py']
[1.710s] Level 1:colcon.colcon_core.package_identification:_identify(map) by extension 'python_setup_py'
[1.710s] Level 1:colcon.colcon_core.package_identification:_identify(src) by extensions ['ignore', 'ignore_ament_install']
[1.710s] Level 1:colcon.colcon_core.package_identification:_identify(src) by extension 'ignore'
[1.710s] Level 1:colcon.colcon_core.package_identification:_identify(src) by extension 'ignore_ament_install'
[1.710s] Level 1:colcon.colcon_core.package_identification:_identify(src) by extensions ['colcon_pkg']
[1.711s] Level 1:colcon.colcon_core.package_identification:_identify(src) by extension 'colcon_pkg'
[1.711s] Level 1:colcon.colcon_core.package_identification:_identify(src) by extensions ['colcon_meta']
[1.711s] Level 1:colcon.colcon_core.package_identification:_identify(src) by extension 'colcon_meta'
[1.711s] Level 1:colcon.colcon_core.package_identification:_identify(src) by extensions ['ros']
[1.711s] Level 1:colcon.colcon_core.package_identification:_identify(src) by extension 'ros'
[1.711s] Level 1:colcon.colcon_core.package_identification:_identify(src) by extensions ['cmake', 'python']
[1.711s] Level 1:colcon.colcon_core.package_identification:_identify(src) by extension 'cmake'
[1.711s] Level 1:colcon.colcon_core.package_identification:_identify(src) by extension 'python'
[1.711s] Level 1:colcon.colcon_core.package_identification:_identify(src) by extensions ['python_setup_py']
[1.711s] Level 1:colcon.colcon_core.package_identification:_identify(src) by extension 'python_setup_py'
[1.711s] Level 1:colcon.colcon_core.package_identification:_identify(src/nav_bot) by extensions ['ignore', 'ignore_ament_install']
[1.711s] Level 1:colcon.colcon_core.package_identification:_identify(src/nav_bot) by extension 'ignore'
[1.711s] Level 1:colcon.colcon_core.package_identification:_identify(src/nav_bot) by extension 'ignore_ament_install'
[1.711s] Level 1:colcon.colcon_core.package_identification:_identify(src/nav_bot) by extensions ['colcon_pkg']
[1.712s] Level 1:colcon.colcon_core.package_identification:_identify(src/nav_bot) by extension 'colcon_pkg'
[1.712s] Level 1:colcon.colcon_core.package_identification:_identify(src/nav_bot) by extensions ['colcon_meta']
[1.712s] Level 1:colcon.colcon_core.package_identification:_identify(src/nav_bot) by extension 'colcon_meta'
[1.712s] Level 1:colcon.colcon_core.package_identification:_identify(src/nav_bot) by extensions ['ros']
[1.712s] Level 1:colcon.colcon_core.package_identification:_identify(src/nav_bot) by extension 'ros'
[1.719s] DEBUG:colcon.colcon_core.package_identification:Package 'src/nav_bot' with type 'ros.ament_cmake' and name 'nav_bot'
[1.719s] Level 1:colcon.colcon_core.package_discovery:discover_packages(recursive) using defaults
[1.719s] Level 1:colcon.colcon_core.package_discovery:discover_packages(ignore) discover
[1.719s] Level 1:colcon.colcon_core.package_discovery:discover_packages(ignore) using defaults
[1.719s] Level 1:colcon.colcon_core.package_discovery:discover_packages(path) discover
[1.719s] Level 1:colcon.colcon_core.package_discovery:discover_packages(path) using defaults
[1.763s] Level 1:colcon.colcon_core.package_discovery:discover_packages(prefix_path) check parameters
[1.763s] Level 1:colcon.colcon_core.package_discovery:discover_packages(prefix_path) discover
[1.772s] DEBUG:colcon.colcon_installed_package_information.package_discovery:Found 547 installed packages in /opt/ros/humble
[1.778s] Level 1:colcon.colcon_core.package_discovery:discover_packages(prefix_path) using defaults
[2.084s] Level 5:colcon.colcon_core.verb:set package 'nav_bot' build argument 'cmake_args' from command line to 'None'
[2.084s] Level 5:colcon.colcon_core.verb:set package 'nav_bot' build argument 'cmake_target' from command line to 'None'
[2.084s] Level 5:colcon.colcon_core.verb:set package 'nav_bot' build argument 'cmake_target_skip_unavailable' from command line to 'False'
[2.084s] Level 5:colcon.colcon_core.verb:set package 'nav_bot' build argument 'cmake_clean_cache' from command line to 'False'
[2.084s] Level 5:colcon.colcon_core.verb:set package 'nav_bot' build argument 'cmake_clean_first' from command line to 'False'
[2.084s] Level 5:colcon.colcon_core.verb:set package 'nav_bot' build argument 'cmake_force_configure' from command line to 'False'
[2.084s] Level 5:colcon.colcon_core.verb:set package 'nav_bot' build argument 'ament_cmake_args' from command line to 'None'
[2.084s] Level 5:colcon.colcon_core.verb:set package 'nav_bot' build argument 'catkin_cmake_args' from command line to 'None'
[2.084s] Level 5:colcon.colcon_core.verb:set package 'nav_bot' build argument 'catkin_skip_building_tests' from command line to 'False'
[2.084s] DEBUG:colcon.colcon_core.verb:Building package 'nav_bot' with the following arguments: {'ament_cmake_args': None, 'build_base': '/home/rohan/cobotx/build/nav_bot', 'catkin_cmake_args': None, 'catkin_skip_building_tests': False, 'cmake_args': None, 'cmake_clean_cache': False, 'cmake_clean_first': False, 'cmake_force_configure': False, 'cmake_target': None, 'cmake_target_skip_unavailable': False, 'install_base': '/home/rohan/cobotx/install/nav_bot', 'merge_install': False, 'path': '/home/rohan/cobotx/src/nav_bot', 'symlink_install': True, 'test_result_base': None}
[2.085s] INFO:colcon.colcon_core.executor:Executing jobs using 'parallel' executor
[2.088s] DEBUG:colcon.colcon_parallel_executor.executor.parallel:run_until_complete
[2.088s] INFO:colcon.colcon_ros.task.ament_cmake.build:Building ROS package in '/home/rohan/cobotx/src/nav_bot' with build type 'ament_cmake'
[2.089s] INFO:colcon.colcon_cmake.task.cmake.build:Building CMake package in '/home/rohan/cobotx/src/nav_bot'
[2.099s] INFO:colcon.colcon_core.plugin_system:Skipping extension 'colcon_core.shell.bat': Not used on non-Windows systems
[2.100s] INFO:colcon.colcon_core.shell:Skip shell extension 'powershell' for command environment: Not usable outside of PowerShell
[2.100s] DEBUG:colcon.colcon_core.shell:Skip shell extension 'dsv' for command environment
[2.131s] DEBUG:colcon.colcon_core.event_handler.log_command:Invoking command in '/home/rohan/cobotx/build/nav_bot': CMAKE_PREFIX_PATH=/opt/ros/humble /usr/bin/cmake --build /home/rohan/cobotx/build/nav_bot -- -j16 -l16
[3.157s] DEBUG:colcon.colcon_core.event_handler.log_command:Invoked command in '/home/rohan/cobotx/build/nav_bot' returned '0': CMAKE_PREFIX_PATH=/opt/ros/humble /usr/bin/cmake --build /home/rohan/cobotx/build/nav_bot -- -j16 -l16
[3.172s] DEBUG:colcon.colcon_core.event_handler.log_command:Invoking command in '/home/rohan/cobotx/build/nav_bot': CMAKE_PREFIX_PATH=/opt/ros/humble /usr/bin/cmake --install /home/rohan/cobotx/build/nav_bot
[3.458s] Level 1:colcon.colcon_core.environment:create_environment_scripts_only(nav_bot)
[3.459s] DEBUG:colcon.colcon_core.event_handler.log_command:Invoked command in '/home/rohan/cobotx/build/nav_bot' returned '0': CMAKE_PREFIX_PATH=/opt/ros/humble /usr/bin/cmake --install /home/rohan/cobotx/build/nav_bot
[3.465s] Level 1:colcon.colcon_core.environment:checking '/home/rohan/cobotx/install/nav_bot' for CMake module files
[3.466s] Level 1:colcon.colcon_core.environment:checking '/home/rohan/cobotx/install/nav_bot' for CMake config files
[3.474s] Level 1:colcon.colcon_core.shell:create_environment_hook('nav_bot', 'cmake_prefix_path')
[3.474s] INFO:colcon.colcon_core.shell:Creating environment hook '/home/rohan/cobotx/install/nav_bot/share/nav_bot/hook/cmake_prefix_path.ps1'
[3.475s] INFO:colcon.colcon_core.shell:Creating environment descriptor '/home/rohan/cobotx/install/nav_bot/share/nav_bot/hook/cmake_prefix_path.dsv'
[3.475s] INFO:colcon.colcon_core.shell:Creating environment hook '/home/rohan/cobotx/install/nav_bot/share/nav_bot/hook/cmake_prefix_path.sh'
[3.476s] Level 1:colcon.colcon_core.environment:checking '/home/rohan/cobotx/install/nav_bot/lib'
[3.476s] Level 1:colcon.colcon_core.environment:checking '/home/rohan/cobotx/install/nav_bot/bin'
[3.477s] Level 1:colcon.colcon_core.environment:checking '/home/rohan/cobotx/install/nav_bot/lib/pkgconfig/nav_bot.pc'
[3.477s] Level 1:colcon.colcon_core.environment:checking '/home/rohan/cobotx/install/nav_bot/lib/python3.10/site-packages'
[3.477s] Level 1:colcon.colcon_core.environment:checking '/home/rohan/cobotx/install/nav_bot/bin'
[3.478s] INFO:colcon.colcon_core.shell:Creating package script '/home/rohan/cobotx/install/nav_bot/share/nav_bot/package.ps1'
[3.479s] INFO:colcon.colcon_core.shell:Creating package descriptor '/home/rohan/cobotx/install/nav_bot/share/nav_bot/package.dsv'
[3.479s] INFO:colcon.colcon_core.shell:Creating package script '/home/rohan/cobotx/install/nav_bot/share/nav_bot/package.sh'
[3.480s] INFO:colcon.colcon_core.shell:Creating package script '/home/rohan/cobotx/install/nav_bot/share/nav_bot/package.bash'
[3.481s] INFO:colcon.colcon_core.shell:Creating package script '/home/rohan/cobotx/install/nav_bot/share/nav_bot/package.zsh'
[3.482s] Level 1:colcon.colcon_core.environment:create_file_with_runtime_dependencies(/home/rohan/cobotx/install/nav_bot/share/colcon-core/packages/nav_bot)
[3.482s] Level 1:colcon.colcon_core.environment:create_environment_scripts_only(nav_bot)
[3.482s] Level 1:colcon.colcon_core.environment:checking '/home/rohan/cobotx/install/nav_bot' for CMake module files
[3.483s] Level 1:colcon.colcon_core.environment:checking '/home/rohan/cobotx/install/nav_bot' for CMake config files
[3.491s] Level 1:colcon.colcon_core.shell:create_environment_hook('nav_bot', 'cmake_prefix_path')
[3.491s] INFO:colcon.colcon_core.shell:Creating environment hook '/home/rohan/cobotx/install/nav_bot/share/nav_bot/hook/cmake_prefix_path.ps1'
[3.491s] INFO:colcon.colcon_core.shell:Creating environment descriptor '/home/rohan/cobotx/install/nav_bot/share/nav_bot/hook/cmake_prefix_path.dsv'
[3.492s] INFO:colcon.colcon_core.shell:Creating environment hook '/home/rohan/cobotx/install/nav_bot/share/nav_bot/hook/cmake_prefix_path.sh'
[3.492s] Level 1:colcon.colcon_core.environment:checking '/home/rohan/cobotx/install/nav_bot/lib'
[3.492s] Level 1:colcon.colcon_core.environment:checking '/home/rohan/cobotx/install/nav_bot/bin'
[3.492s] Level 1:colcon.colcon_core.environment:checking '/home/rohan/cobotx/install/nav_bot/lib/pkgconfig/nav_bot.pc'
[3.492s] Level 1:colcon.colcon_core.environment:checking '/home/rohan/cobotx/install/nav_bot/lib/python3.10/site-packages'
[3.493s] Level 1:colcon.colcon_core.environment:checking '/home/rohan/cobotx/install/nav_bot/bin'
[3.493s] INFO:colcon.colcon_core.shell:Creating package script '/home/rohan/cobotx/install/nav_bot/share/nav_bot/package.ps1'
[3.493s] INFO:colcon.colcon_core.shell:Creating package descriptor '/home/rohan/cobotx/install/nav_bot/share/nav_bot/package.dsv'
[3.494s] INFO:colcon.colcon_core.shell:Creating package script '/home/rohan/cobotx/install/nav_bot/share/nav_bot/package.sh'
[3.494s] INFO:colcon.colcon_core.shell:Creating package script '/home/rohan/cobotx/install/nav_bot/share/nav_bot/package.bash'
[3.495s] INFO:colcon.colcon_core.shell:Creating package script '/home/rohan/cobotx/install/nav_bot/share/nav_bot/package.zsh'
[3.495s] Level 1:colcon.colcon_core.environment:create_file_with_runtime_dependencies(/home/rohan/cobotx/install/nav_bot/share/colcon-core/packages/nav_bot)
[3.495s] DEBUG:colcon.colcon_parallel_executor.executor.parallel:closing loop
[3.496s] DEBUG:colcon.colcon_parallel_executor.executor.parallel:loop closed
[3.496s] DEBUG:colcon.colcon_parallel_executor.executor.parallel:run_until_complete finished with '0'
[3.496s] DEBUG:colcon.colcon_core.event_reactor:joining thread
[3.508s] INFO:colcon.colcon_core.plugin_system:Skipping extension 'colcon_notification.desktop_notification.terminal_notifier': Not used on non-Darwin systems
[3.508s] INFO:colcon.colcon_core.plugin_system:Skipping extension 'colcon_notification.desktop_notification.win32': Not used on non-Windows systems
[3.508s] INFO:colcon.colcon_notification.desktop_notification:Sending desktop notification using 'notify2'
[3.550s] DEBUG:colcon.colcon_core.event_reactor:joined thread
[3.550s] INFO:colcon.colcon_core.shell:Creating prefix script '/home/rohan/cobotx/install/local_setup.ps1'
[3.551s] INFO:colcon.colcon_core.shell:Creating prefix util module '/home/rohan/cobotx/install/_local_setup_util_ps1.py'
[3.552s] INFO:colcon.colcon_core.shell:Creating prefix chain script '/home/rohan/cobotx/install/setup.ps1'
[3.553s] INFO:colcon.colcon_core.shell:Creating prefix script '/home/rohan/cobotx/install/local_setup.sh'
[3.553s] INFO:colcon.colcon_core.shell:Creating prefix util module '/home/rohan/cobotx/install/_local_setup_util_sh.py'
[3.554s] INFO:colcon.colcon_core.shell:Creating prefix chain script '/home/rohan/cobotx/install/setup.sh'
[3.554s] INFO:colcon.colcon_core.shell:Creating prefix script '/home/rohan/cobotx/install/local_setup.bash'
[3.555s] INFO:colcon.colcon_core.shell:Creating prefix chain script '/home/rohan/cobotx/install/setup.bash'
[3.556s] INFO:colcon.colcon_core.shell:Creating prefix script '/home/rohan/cobotx/install/local_setup.zsh'
[3.556s] INFO:colcon.colcon_core.shell:Creating prefix chain script '/home/rohan/cobotx/install/setup.zsh'
