[0.242s] DEBUG:colcon:Command line arguments: ['/usr/bin/colcon', 'build', '--symlink-install']
[0.242s] DEBUG:colcon:Parsed command line arguments: Namespace(log_base=None, log_level=None, verb_name='build', build_base='build', install_base='install', merge_install=False, symlink_install=True, test_result_base=None, continue_on_error=False, executor='parallel', parallel_workers=16, event_handlers=None, ignore_user_meta=False, metas=['./colcon.meta'], base_paths=['.'], packages_ignore=None, packages_ignore_regex=None, paths=None, packages_up_to=None, packages_up_to_regex=None, packages_above=None, packages_above_and_dependencies=None, packages_above_depth=None, packages_select_by_dep=None, packages_skip_by_dep=None, packages_skip_up_to=None, packages_select_build_failed=False, packages_skip_build_finished=False, packages_select_test_failures=False, packages_skip_test_passed=False, packages_select=None, packages_skip=None, packages_select_regex=None, packages_skip_regex=None, packages_start=None, packages_end=None, allow_overriding=[], cmake_args=None, cmake_target=None, cmake_target_skip_unavailable=False, cmake_clean_cache=False, cmake_clean_first=False, cmake_force_configure=False, ament_cmake_args=None, catkin_cmake_args=None, catkin_skip_building_tests=False, mixin_files=None, mixin=None, verb_parser=<colcon_mixin.mixin.mixin_argument.MixinArgumentDecorator object at 0x7108558d0b50>, verb_extension=<colcon_core.verb.build.BuildVerb object at 0x7108558d0580>, main=<bound method BuildVerb.main of <colcon_core.verb.build.BuildVerb object at 0x7108558d0580>>, mixin_verb=('build',))
[0.574s] Level 1:colcon.colcon_core.package_discovery:discover_packages(colcon_meta) check parameters
[0.574s] Level 1:colcon.colcon_core.package_discovery:discover_packages(recursive) check parameters
[0.574s] Level 1:colcon.colcon_core.package_discovery:discover_packages(ignore) check parameters
[0.574s] Level 1:colcon.colcon_core.package_discovery:discover_packages(path) check parameters
[0.574s] Level 1:colcon.colcon_core.package_discovery:discover_packages(colcon_meta) discover
[0.574s] Level 1:colcon.colcon_core.package_discovery:discover_packages(recursive) discover
[0.575s] INFO:colcon.colcon_core.package_discovery:Crawling recursively for packages in '/home/rohan/cobotx'
[0.575s] Level 1:colcon.colcon_core.package_identification:_identify(.) by extensions ['ignore', 'ignore_ament_install']
[0.575s] Level 1:colcon.colcon_core.package_identification:_identify(.) by extension 'ignore'
[0.575s] Level 1:colcon.colcon_core.package_identification:_identify(.) by extension 'ignore_ament_install'
[0.575s] Level 1:colcon.colcon_core.package_identification:_identify(.) by extensions ['colcon_pkg']
[0.575s] Level 1:colcon.colcon_core.package_identification:_identify(.) by extension 'colcon_pkg'
[0.575s] Level 1:colcon.colcon_core.package_identification:_identify(.) by extensions ['colcon_meta']
[0.575s] Level 1:colcon.colcon_core.package_identification:_identify(.) by extension 'colcon_meta'
[0.575s] Level 1:colcon.colcon_core.package_identification:_identify(.) by extensions ['ros']
[0.575s] Level 1:colcon.colcon_core.package_identification:_identify(.) by extension 'ros'
[0.591s] Level 1:colcon.colcon_core.package_identification:_identify(.) by extensions ['cmake', 'python']
[0.591s] Level 1:colcon.colcon_core.package_identification:_identify(.) by extension 'cmake'
[0.591s] Level 1:colcon.colcon_core.package_identification:_identify(.) by extension 'python'
[0.591s] Level 1:colcon.colcon_core.package_identification:_identify(.) by extensions ['python_setup_py']
[0.591s] Level 1:colcon.colcon_core.package_identification:_identify(.) by extension 'python_setup_py'
[0.591s] Level 1:colcon.colcon_core.package_identification:_identify(build) by extensions ['ignore', 'ignore_ament_install']
[0.591s] Level 1:colcon.colcon_core.package_identification:_identify(build) by extension 'ignore'
[0.591s] Level 1:colcon.colcon_core.package_identification:_identify(build) ignored
[0.592s] Level 1:colcon.colcon_core.package_identification:_identify(install) by extensions ['ignore', 'ignore_ament_install']
[0.592s] Level 1:colcon.colcon_core.package_identification:_identify(install) by extension 'ignore'
[0.592s] Level 1:colcon.colcon_core.package_identification:_identify(install) ignored
[0.592s] Level 1:colcon.colcon_core.package_identification:_identify(log) by extensions ['ignore', 'ignore_ament_install']
[0.592s] Level 1:colcon.colcon_core.package_identification:_identify(log) by extension 'ignore'
[0.592s] Level 1:colcon.colcon_core.package_identification:_identify(log) ignored
[0.592s] Level 1:colcon.colcon_core.package_identification:_identify(map) by extensions ['ignore', 'ignore_ament_install']
[0.592s] Level 1:colcon.colcon_core.package_identification:_identify(map) by extension 'ignore'
[0.592s] Level 1:colcon.colcon_core.package_identification:_identify(map) by extension 'ignore_ament_install'
[0.592s] Level 1:colcon.colcon_core.package_identification:_identify(map) by extensions ['colcon_pkg']
[0.592s] Level 1:colcon.colcon_core.package_identification:_identify(map) by extension 'colcon_pkg'
[0.593s] Level 1:colcon.colcon_core.package_identification:_identify(map) by extensions ['colcon_meta']
[0.593s] Level 1:colcon.colcon_core.package_identification:_identify(map) by extension 'colcon_meta'
[0.593s] Level 1:colcon.colcon_core.package_identification:_identify(map) by extensions ['ros']
[0.593s] Level 1:colcon.colcon_core.package_identification:_identify(map) by extension 'ros'
[0.593s] Level 1:colcon.colcon_core.package_identification:_identify(map) by extensions ['cmake', 'python']
[0.593s] Level 1:colcon.colcon_core.package_identification:_identify(map) by extension 'cmake'
[0.593s] Level 1:colcon.colcon_core.package_identification:_identify(map) by extension 'python'
[0.593s] Level 1:colcon.colcon_core.package_identification:_identify(map) by extensions ['python_setup_py']
[0.593s] Level 1:colcon.colcon_core.package_identification:_identify(map) by extension 'python_setup_py'
[0.593s] Level 1:colcon.colcon_core.package_identification:_identify(src) by extensions ['ignore', 'ignore_ament_install']
[0.593s] Level 1:colcon.colcon_core.package_identification:_identify(src) by extension 'ignore'
[0.593s] Level 1:colcon.colcon_core.package_identification:_identify(src) by extension 'ignore_ament_install'
[0.593s] Level 1:colcon.colcon_core.package_identification:_identify(src) by extensions ['colcon_pkg']
[0.593s] Level 1:colcon.colcon_core.package_identification:_identify(src) by extension 'colcon_pkg'
[0.594s] Level 1:colcon.colcon_core.package_identification:_identify(src) by extensions ['colcon_meta']
[0.594s] Level 1:colcon.colcon_core.package_identification:_identify(src) by extension 'colcon_meta'
[0.594s] Level 1:colcon.colcon_core.package_identification:_identify(src) by extensions ['ros']
[0.594s] Level 1:colcon.colcon_core.package_identification:_identify(src) by extension 'ros'
[0.594s] Level 1:colcon.colcon_core.package_identification:_identify(src) by extensions ['cmake', 'python']
[0.594s] Level 1:colcon.colcon_core.package_identification:_identify(src) by extension 'cmake'
[0.594s] Level 1:colcon.colcon_core.package_identification:_identify(src) by extension 'python'
[0.594s] Level 1:colcon.colcon_core.package_identification:_identify(src) by extensions ['python_setup_py']
[0.594s] Level 1:colcon.colcon_core.package_identification:_identify(src) by extension 'python_setup_py'
[0.594s] Level 1:colcon.colcon_core.package_identification:_identify(src/nav_bot) by extensions ['ignore', 'ignore_ament_install']
[0.594s] Level 1:colcon.colcon_core.package_identification:_identify(src/nav_bot) by extension 'ignore'
[0.594s] Level 1:colcon.colcon_core.package_identification:_identify(src/nav_bot) by extension 'ignore_ament_install'
[0.594s] Level 1:colcon.colcon_core.package_identification:_identify(src/nav_bot) by extensions ['colcon_pkg']
[0.594s] Level 1:colcon.colcon_core.package_identification:_identify(src/nav_bot) by extension 'colcon_pkg'
[0.594s] Level 1:colcon.colcon_core.package_identification:_identify(src/nav_bot) by extensions ['colcon_meta']
[0.594s] Level 1:colcon.colcon_core.package_identification:_identify(src/nav_bot) by extension 'colcon_meta'
[0.594s] Level 1:colcon.colcon_core.package_identification:_identify(src/nav_bot) by extensions ['ros']
[0.595s] Level 1:colcon.colcon_core.package_identification:_identify(src/nav_bot) by extension 'ros'
[0.599s] DEBUG:colcon.colcon_core.package_identification:Package 'src/nav_bot' with type 'ros.ament_cmake' and name 'nav_bot'
[0.599s] Level 1:colcon.colcon_core.package_discovery:discover_packages(recursive) using defaults
[0.599s] Level 1:colcon.colcon_core.package_discovery:discover_packages(ignore) discover
[0.599s] Level 1:colcon.colcon_core.package_discovery:discover_packages(ignore) using defaults
[0.599s] Level 1:colcon.colcon_core.package_discovery:discover_packages(path) discover
[0.599s] Level 1:colcon.colcon_core.package_discovery:discover_packages(path) using defaults
[0.625s] Level 1:colcon.colcon_core.package_discovery:discover_packages(prefix_path) check parameters
[0.625s] Level 1:colcon.colcon_core.package_discovery:discover_packages(prefix_path) discover
[0.629s] DEBUG:colcon.colcon_installed_package_information.package_discovery:Found 491 installed packages in /opt/ros/humble
[0.633s] Level 1:colcon.colcon_core.package_discovery:discover_packages(prefix_path) using defaults
[0.730s] Level 5:colcon.colcon_core.verb:set package 'nav_bot' build argument 'cmake_args' from command line to 'None'
[0.730s] Level 5:colcon.colcon_core.verb:set package 'nav_bot' build argument 'cmake_target' from command line to 'None'
[0.730s] Level 5:colcon.colcon_core.verb:set package 'nav_bot' build argument 'cmake_target_skip_unavailable' from command line to 'False'
[0.730s] Level 5:colcon.colcon_core.verb:set package 'nav_bot' build argument 'cmake_clean_cache' from command line to 'False'
[0.730s] Level 5:colcon.colcon_core.verb:set package 'nav_bot' build argument 'cmake_clean_first' from command line to 'False'
[0.730s] Level 5:colcon.colcon_core.verb:set package 'nav_bot' build argument 'cmake_force_configure' from command line to 'False'
[0.730s] Level 5:colcon.colcon_core.verb:set package 'nav_bot' build argument 'ament_cmake_args' from command line to 'None'
[0.730s] Level 5:colcon.colcon_core.verb:set package 'nav_bot' build argument 'catkin_cmake_args' from command line to 'None'
[0.731s] Level 5:colcon.colcon_core.verb:set package 'nav_bot' build argument 'catkin_skip_building_tests' from command line to 'False'
[0.731s] DEBUG:colcon.colcon_core.verb:Building package 'nav_bot' with the following arguments: {'ament_cmake_args': None, 'build_base': '/home/rohan/cobotx/build/nav_bot', 'catkin_cmake_args': None, 'catkin_skip_building_tests': False, 'cmake_args': None, 'cmake_clean_cache': False, 'cmake_clean_first': False, 'cmake_force_configure': False, 'cmake_target': None, 'cmake_target_skip_unavailable': False, 'install_base': '/home/rohan/cobotx/install/nav_bot', 'merge_install': False, 'path': '/home/rohan/cobotx/src/nav_bot', 'symlink_install': True, 'test_result_base': None}
[0.731s] INFO:colcon.colcon_core.executor:Executing jobs using 'parallel' executor
[0.732s] DEBUG:colcon.colcon_parallel_executor.executor.parallel:run_until_complete
[0.733s] INFO:colcon.colcon_ros.task.ament_cmake.build:Building ROS package in '/home/rohan/cobotx/src/nav_bot' with build type 'ament_cmake'
[0.733s] INFO:colcon.colcon_cmake.task.cmake.build:Building CMake package in '/home/rohan/cobotx/src/nav_bot'
[0.736s] INFO:colcon.colcon_core.plugin_system:Skipping extension 'colcon_core.shell.bat': Not used on non-Windows systems
[0.736s] INFO:colcon.colcon_core.shell:Skip shell extension 'powershell' for command environment: Not usable outside of PowerShell
[0.736s] DEBUG:colcon.colcon_core.shell:Skip shell extension 'dsv' for command environment
[0.750s] DEBUG:colcon.colcon_core.event_handler.log_command:Invoking command in '/home/rohan/cobotx/build/nav_bot': CMAKE_PREFIX_PATH=/opt/ros/humble /usr/bin/cmake /home/rohan/cobotx/src/nav_bot -DAMENT_CMAKE_SYMLINK_INSTALL=1 -DCMAKE_INSTALL_PREFIX=/home/rohan/cobotx/install/nav_bot
[1.650s] DEBUG:colcon.colcon_core.event_handler.log_command:Invoked command in '/home/rohan/cobotx/build/nav_bot' returned '0': CMAKE_PREFIX_PATH=/opt/ros/humble /usr/bin/cmake /home/rohan/cobotx/src/nav_bot -DAMENT_CMAKE_SYMLINK_INSTALL=1 -DCMAKE_INSTALL_PREFIX=/home/rohan/cobotx/install/nav_bot
[1.653s] DEBUG:colcon.colcon_core.event_handler.log_command:Invoking command in '/home/rohan/cobotx/build/nav_bot': CMAKE_PREFIX_PATH=/opt/ros/humble /usr/bin/cmake --build /home/rohan/cobotx/build/nav_bot -- -j16 -l16
[2.224s] DEBUG:colcon.colcon_core.event_handler.log_command:Invoked command in '/home/rohan/cobotx/build/nav_bot' returned '0': CMAKE_PREFIX_PATH=/opt/ros/humble /usr/bin/cmake --build /home/rohan/cobotx/build/nav_bot -- -j16 -l16
[2.239s] DEBUG:colcon.colcon_core.event_handler.log_command:Invoking command in '/home/rohan/cobotx/build/nav_bot': CMAKE_PREFIX_PATH=/opt/ros/humble /usr/bin/cmake --install /home/rohan/cobotx/build/nav_bot
[2.522s] Level 1:colcon.colcon_core.environment:create_environment_scripts_only(nav_bot)
[2.524s] DEBUG:colcon.colcon_core.event_handler.log_command:Invoked command in '/home/rohan/cobotx/build/nav_bot' returned '0': CMAKE_PREFIX_PATH=/opt/ros/humble /usr/bin/cmake --install /home/rohan/cobotx/build/nav_bot
[2.529s] Level 1:colcon.colcon_core.environment:checking '/home/rohan/cobotx/install/nav_bot' for CMake module files
[2.530s] Level 1:colcon.colcon_core.environment:checking '/home/rohan/cobotx/install/nav_bot' for CMake config files
[2.540s] Level 1:colcon.colcon_core.shell:create_environment_hook('nav_bot', 'cmake_prefix_path')
[2.540s] INFO:colcon.colcon_core.shell:Creating environment hook '/home/rohan/cobotx/install/nav_bot/share/nav_bot/hook/cmake_prefix_path.ps1'
[2.542s] INFO:colcon.colcon_core.shell:Creating environment descriptor '/home/rohan/cobotx/install/nav_bot/share/nav_bot/hook/cmake_prefix_path.dsv'
[2.542s] INFO:colcon.colcon_core.shell:Creating environment hook '/home/rohan/cobotx/install/nav_bot/share/nav_bot/hook/cmake_prefix_path.sh'
[2.544s] Level 1:colcon.colcon_core.environment:checking '/home/rohan/cobotx/install/nav_bot/lib'
[2.544s] Level 1:colcon.colcon_core.environment:checking '/home/rohan/cobotx/install/nav_bot/bin'
[2.544s] Level 1:colcon.colcon_core.environment:checking '/home/rohan/cobotx/install/nav_bot/lib/pkgconfig/nav_bot.pc'
[2.544s] Level 1:colcon.colcon_core.environment:checking '/home/rohan/cobotx/install/nav_bot/lib/python3.10/site-packages'
[2.545s] Level 1:colcon.colcon_core.environment:checking '/home/rohan/cobotx/install/nav_bot/bin'
[2.546s] INFO:colcon.colcon_core.shell:Creating package script '/home/rohan/cobotx/install/nav_bot/share/nav_bot/package.ps1'
[2.547s] INFO:colcon.colcon_core.shell:Creating package descriptor '/home/rohan/cobotx/install/nav_bot/share/nav_bot/package.dsv'
[2.548s] INFO:colcon.colcon_core.shell:Creating package script '/home/rohan/cobotx/install/nav_bot/share/nav_bot/package.sh'
[2.549s] INFO:colcon.colcon_core.shell:Creating package script '/home/rohan/cobotx/install/nav_bot/share/nav_bot/package.bash'
[2.550s] INFO:colcon.colcon_core.shell:Creating package script '/home/rohan/cobotx/install/nav_bot/share/nav_bot/package.zsh'
[2.551s] Level 1:colcon.colcon_core.environment:create_file_with_runtime_dependencies(/home/rohan/cobotx/install/nav_bot/share/colcon-core/packages/nav_bot)
[2.552s] Level 1:colcon.colcon_core.environment:create_environment_scripts_only(nav_bot)
[2.552s] Level 1:colcon.colcon_core.environment:checking '/home/rohan/cobotx/install/nav_bot' for CMake module files
[2.553s] Level 1:colcon.colcon_core.environment:checking '/home/rohan/cobotx/install/nav_bot' for CMake config files
[2.562s] Level 1:colcon.colcon_core.shell:create_environment_hook('nav_bot', 'cmake_prefix_path')
[2.562s] INFO:colcon.colcon_core.shell:Creating environment hook '/home/rohan/cobotx/install/nav_bot/share/nav_bot/hook/cmake_prefix_path.ps1'
[2.563s] INFO:colcon.colcon_core.shell:Creating environment descriptor '/home/rohan/cobotx/install/nav_bot/share/nav_bot/hook/cmake_prefix_path.dsv'
[2.563s] INFO:colcon.colcon_core.shell:Creating environment hook '/home/rohan/cobotx/install/nav_bot/share/nav_bot/hook/cmake_prefix_path.sh'
[2.564s] Level 1:colcon.colcon_core.environment:checking '/home/rohan/cobotx/install/nav_bot/lib'
[2.564s] Level 1:colcon.colcon_core.environment:checking '/home/rohan/cobotx/install/nav_bot/bin'
[2.565s] Level 1:colcon.colcon_core.environment:checking '/home/rohan/cobotx/install/nav_bot/lib/pkgconfig/nav_bot.pc'
[2.565s] Level 1:colcon.colcon_core.environment:checking '/home/rohan/cobotx/install/nav_bot/lib/python3.10/site-packages'
[2.565s] Level 1:colcon.colcon_core.environment:checking '/home/rohan/cobotx/install/nav_bot/bin'
[2.566s] INFO:colcon.colcon_core.shell:Creating package script '/home/rohan/cobotx/install/nav_bot/share/nav_bot/package.ps1'
[2.566s] INFO:colcon.colcon_core.shell:Creating package descriptor '/home/rohan/cobotx/install/nav_bot/share/nav_bot/package.dsv'
[2.567s] INFO:colcon.colcon_core.shell:Creating package script '/home/rohan/cobotx/install/nav_bot/share/nav_bot/package.sh'
[2.567s] INFO:colcon.colcon_core.shell:Creating package script '/home/rohan/cobotx/install/nav_bot/share/nav_bot/package.bash'
[2.568s] INFO:colcon.colcon_core.shell:Creating package script '/home/rohan/cobotx/install/nav_bot/share/nav_bot/package.zsh'
[2.568s] Level 1:colcon.colcon_core.environment:create_file_with_runtime_dependencies(/home/rohan/cobotx/install/nav_bot/share/colcon-core/packages/nav_bot)
[2.569s] DEBUG:colcon.colcon_parallel_executor.executor.parallel:closing loop
[2.569s] DEBUG:colcon.colcon_parallel_executor.executor.parallel:loop closed
[2.569s] DEBUG:colcon.colcon_parallel_executor.executor.parallel:run_until_complete finished with '0'
[2.569s] DEBUG:colcon.colcon_core.event_reactor:joining thread
[2.580s] INFO:colcon.colcon_core.plugin_system:Skipping extension 'colcon_notification.desktop_notification.terminal_notifier': Not used on non-Darwin systems
[2.580s] INFO:colcon.colcon_core.plugin_system:Skipping extension 'colcon_notification.desktop_notification.win32': Not used on non-Windows systems
[2.580s] INFO:colcon.colcon_notification.desktop_notification:Sending desktop notification using 'notify2'
[2.596s] DEBUG:colcon.colcon_core.event_reactor:joined thread
[2.597s] INFO:colcon.colcon_core.shell:Creating prefix script '/home/rohan/cobotx/install/local_setup.ps1'
[2.599s] INFO:colcon.colcon_core.shell:Creating prefix util module '/home/rohan/cobotx/install/_local_setup_util_ps1.py'
[2.600s] INFO:colcon.colcon_core.shell:Creating prefix chain script '/home/rohan/cobotx/install/setup.ps1'
[2.602s] INFO:colcon.colcon_core.shell:Creating prefix script '/home/rohan/cobotx/install/local_setup.sh'
[2.603s] INFO:colcon.colcon_core.shell:Creating prefix util module '/home/rohan/cobotx/install/_local_setup_util_sh.py'
[2.603s] INFO:colcon.colcon_core.shell:Creating prefix chain script '/home/rohan/cobotx/install/setup.sh'
[2.604s] INFO:colcon.colcon_core.shell:Creating prefix script '/home/rohan/cobotx/install/local_setup.bash'
[2.605s] INFO:colcon.colcon_core.shell:Creating prefix chain script '/home/rohan/cobotx/install/setup.bash'
[2.607s] INFO:colcon.colcon_core.shell:Creating prefix script '/home/rohan/cobotx/install/local_setup.zsh'
[2.608s] INFO:colcon.colcon_core.shell:Creating prefix chain script '/home/rohan/cobotx/install/setup.zsh'
